// Jest Snapshot v1, https://goo.gl/fbAQLP

exports[`Testeo del componente <CounterApp /> Debe de mostrar <CounterApp /> correctamente 1`] = `
<Fragment>
  <h1>
    Counter App
  </h1>
  <h2>
    10
  </h2>
  <button
    onClick={[Function]}
  >
    1+
  </button>
  <button
    onClick={[Function]}
  >
    1-
  </button>
  <button
    onClick={[Function]}
  >
    Reset
  </button>
</Fragment>
`;
